// Jest Snapshot v1, https://goo.gl/fbAQLP

exports[`Filters Component should render with given state from Redux store 1`] = `
<div>
  <button
    className="sc-bdfBwQ iaWOAt"
    onClick={[Function]}
  >
    All
  </button>
  <button
    className="sc-bdfBwQ gGBLyl"
    onClick={[Function]}
  >
    Complete
  </button>
  <button
    className="sc-bdfBwQ gGBLyl"
    onClick={[Function]}
  >
    Incomplete
  </button>
</div>
`;
