// Jest Snapshot v1, https://goo.gl/fbAQLP

exports[`App Component should render with given state from Redux store 1`] = `
<div
  className="sc-kEjbxe bToKLA"
>
  <section
    className="sc-iqHYGH zbaCZ"
  >
    <header
      className="sc-crrsfI haQAoc"
    >
      <span
        className="sc-kstrdz VPfOD"
      >
        2020-11-29
      </span>
      <div>
        <button
          className="sc-eCssSg laEdmT"
          onClick={[Function]}
        >
          All
        </button>
        <button
          className="sc-eCssSg kUyIdX"
          onClick={[Function]}
        >
          Complete
        </button>
        <button
          className="sc-eCssSg kUyIdX"
          onClick={[Function]}
        >
          Incomplete
        </button>
      </div>
    </header>
    <div
      className="sc-dQppl fDyFKA"
    >
      <div>
        <li
          className="sc-jSgupP hEqZpK"
        >
          <span
            className="sc-iBPRYJ ctnspg"
          >
            1
             
          </span>
          <span
            className="sc-gKsewC bKHkhV"
          >
            task1
            <span
              className="sc-jrAGrp kqSLPU"
            >
              Done
            </span>
          </span>
          <button
            className="sc-fubCfw ewdZni"
            onClick={[Function]}
            size="40"
          >
            Undone
          </button>
          <button
            className="sc-pFZIQ egalCV"
            onClick={[Function]}
            size="40"
          >
            Delete
          </button>
        </li>
      </div>
      <div>
        <li
          className="sc-jSgupP hEqZpK"
        >
          <span
            className="sc-iBPRYJ evAWQB"
          >
            2
             
          </span>
          <span
            className="sc-gKsewC csViYh"
          >
            task2
            
          </span>
          <button
            className="sc-fubCfw ercPJq"
            onClick={[Function]}
            size="40"
          >
            Done
          </button>
          <button
            className="sc-pFZIQ egalCV"
            onClick={[Function]}
            size="40"
          >
            Delete
          </button>
        </li>
      </div>
      <div>
        <li
          className="sc-jSgupP hEqZpK"
        >
          <span
            className="sc-iBPRYJ cqYRLA"
          >
            3
             
          </span>
          <span
            className="sc-gKsewC crzOrt"
          >
            task3
            <span
              className="sc-jrAGrp kqSLPU"
            >
              Done
            </span>
          </span>
          <button
            className="sc-fubCfw ewdZni"
            onClick={[Function]}
            size="40"
          >
            Undone
          </button>
          <button
            className="sc-pFZIQ egalCV"
            onClick={[Function]}
            size="40"
          >
            Delete
          </button>
        </li>
      </div>
    </div>
    <footer
      className="sc-bqyKva dtreEc"
    >
      <input
        className="sc-bdfBwQ dQhNnk"
        placeholder="Add task"
      />
      <div
        className="sc-dlfnbm ggRcYP"
      >
        <input
          checked={false}
          className="sc-bdfBwQ eywrwi"
          name="priority"
          onChange={[Function]}
          type="radio"
          value="0"
        />
        <label
          className="sc-hKgILt bbXJBi"
        >
          Urgent
        </label>
        <input
          checked={true}
          className="sc-bdfBwQ eywrwi"
          name="priority"
          onChange={[Function]}
          type="radio"
          value="1"
        />
        <label
          className="sc-hKgILt hQUimg"
        >
          Medium
        </label>
        <input
          checked={false}
          className="sc-bdfBwQ eywrwi"
          name="priority"
          onChange={[Function]}
          type="radio"
          value="2"
        />
        <label
          className="sc-hKgILt kHPCfL"
        >
          Low
        </label>
      </div>
      <button
        className="sc-gsTCUz iWLRvp"
        onClick={[Function]}
        type="submit"
      >
        Add
      </button>
    </footer>
  </section>
</div>
`;
